{
  Modules: [
    {
      Id: {
        ModuleType: IntrospectionTest.ModuleC
      },
      DisplayName: CustomTitle,
      Properties: {}
    },
    {
      Id: {
        ModuleType: IntrospectionTest.ModuleB
      },
      DisplayName: ModuleB,
      Properties: {},
      Dependencies: [
        {
          Id: {
            ModuleType: IntrospectionTest.ModuleC
          },
          DisplayName: CustomTitle,
          Properties: {}
        }
      ]
    },
    {
      Id: {
        ModuleType: IntrospectionTest.ModuleA
      },
      DisplayName: ModuleA,
      Properties: {},
      Dependencies: [
        {
          Id: {
            ModuleType: IntrospectionTest.ModuleB
          },
          DisplayName: ModuleB,
          Properties: {},
          Dependencies: [
            {
              Id: {
                ModuleType: IntrospectionTest.ModuleC
              },
              DisplayName: CustomTitle,
              Properties: {}
            }
          ]
        }
      ]
    }
  ],
  ExplicitModules: [
    {
      Id: {
        ModuleType: IntrospectionTest.ModuleA
      },
      DisplayName: ModuleA,
      Properties: {},
      Dependencies: [
        {
          Id: {
            ModuleType: IntrospectionTest.ModuleB
          },
          DisplayName: ModuleB,
          Properties: {},
          Dependencies: [
            {
              Id: {
                ModuleType: IntrospectionTest.ModuleC
              },
              DisplayName: CustomTitle,
              Properties: {}
            }
          ]
        }
      ]
    }
  ]
}